// Jest Snapshot v1, https://goo.gl/fbAQLP

exports[`Main Layout MainLayout 1`] = `
Object {
  "asFragment": [Function],
  "baseElement": <body>
    <div>
      <footer
        class="Footer-footerWrapper-1"
      >
        <div
          class="MuiGrid-container-2 MuiGrid-justify-xs-space-between-21"
        >
          <div
            class="MuiGrid-item-3"
          >
            <p
              data-testid="copyright-text"
            >
              ©
               2019 MIT License
            </p>
          </div>
          <div
            class="MuiGrid-item-3"
          >
            <p
              class="float-right"
            >
              <a
                data-testid="back-to-top"
                href="/"
              >
                Back to top
              </a>
            </p>
          </div>
        </div>
      </footer>
    </div>
  </body>,
  "container": <div>
    <footer
      class="Footer-footerWrapper-1"
    >
      <div
        class="MuiGrid-container-2 MuiGrid-justify-xs-space-between-21"
      >
        <div
          class="MuiGrid-item-3"
        >
          <p
            data-testid="copyright-text"
          >
            ©
             2019 MIT License
          </p>
        </div>
        <div
          class="MuiGrid-item-3"
        >
          <p
            class="float-right"
          >
            <a
              data-testid="back-to-top"
              href="/"
            >
              Back to top
            </a>
          </p>
        </div>
      </div>
    </footer>
  </div>,
  "debug": [Function],
  "findAllByAltText": [Function],
  "findAllByDisplayValue": [Function],
  "findAllByLabelText": [Function],
  "findAllByPlaceholderText": [Function],
  "findAllByRole": [Function],
  "findAllByTestId": [Function],
  "findAllByText": [Function],
  "findAllByTitle": [Function],
  "findByAltText": [Function],
  "findByDisplayValue": [Function],
  "findByLabelText": [Function],
  "findByPlaceholderText": [Function],
  "findByRole": [Function],
  "findByTestId": [Function],
  "findByText": [Function],
  "findByTitle": [Function],
  "getAllByAltText": [Function],
  "getAllByDisplayValue": [Function],
  "getAllByLabelText": [Function],
  "getAllByPlaceholderText": [Function],
  "getAllByRole": [Function],
  "getAllByTestId": [Function],
  "getAllByText": [Function],
  "getAllByTitle": [Function],
  "getByAltText": [Function],
  "getByDisplayValue": [Function],
  "getByLabelText": [Function],
  "getByPlaceholderText": [Function],
  "getByRole": [Function],
  "getByTestId": [Function],
  "getByText": [Function],
  "getByTitle": [Function],
  "history": Object {
    "action": "POP",
    "block": [Function],
    "canGo": [Function],
    "createHref": [Function],
    "entries": Array [
      Object {
        "hash": "",
        "key": "9ahxvd",
        "pathname": "/",
        "search": "",
        "state": undefined,
      },
    ],
    "go": [Function],
    "goBack": [Function],
    "goForward": [Function],
    "index": 0,
    "length": 1,
    "listen": [Function],
    "location": Object {
      "hash": "",
      "key": "9ahxvd",
      "pathname": "/",
      "search": "",
      "state": undefined,
    },
    "push": [Function],
    "replace": [Function],
  },
  "queryAllByAltText": [Function],
  "queryAllByDisplayValue": [Function],
  "queryAllByLabelText": [Function],
  "queryAllByPlaceholderText": [Function],
  "queryAllByRole": [Function],
  "queryAllByTestId": [Function],
  "queryAllByText": [Function],
  "queryAllByTitle": [Function],
  "queryByAltText": [Function],
  "queryByDisplayValue": [Function],
  "queryByLabelText": [Function],
  "queryByPlaceholderText": [Function],
  "queryByRole": [Function],
  "queryByTestId": [Function],
  "queryByText": [Function],
  "queryByTitle": [Function],
  "rerender": [Function],
  "unmount": [Function],
}
`;
