// Jest Snapshot v1, https://goo.gl/fbAQLP

exports[`<OrderTable /> renders correctly 1`] = `
<div
  aria-hidden="true"
/>
`;
