// Jest Snapshot v1, https://goo.gl/fbAQLP

exports[`<ConfirmationModal /> renders correctly 1`] = `
Object {
  "asFragment": [Function],
  "baseElement": <body
    style="overflow: hidden; padding-right: 0px;"
  >
    <div
      aria-hidden="true"
    />
    <div
      aria-labelledby="Sample modal text"
      class="MuiModal-root-15 MuiDialog-root-1"
      data-testid="confirm-modal"
      role="dialog"
    >
      <div
        aria-hidden="true"
        class="MuiBackdrop-root-17"
        style="opacity: 1; webkit-transition: opacity 225ms cubic-bezier(0.4, 0, 0.2, 1) 0ms; transition: opacity 225ms cubic-bezier(0.4, 0, 0.2, 1) 0ms;"
      />
      <div
        class="MuiDialog-container-4 MuiDialog-scrollPaper-2"
        role="document"
        style="opacity: 1; webkit-transition: opacity 225ms cubic-bezier(0.4, 0, 0.2, 1) 0ms; transition: opacity 225ms cubic-bezier(0.4, 0, 0.2, 1) 0ms;"
        tabindex="-1"
      >
        <div
          class="MuiPaper-root-19 MuiPaper-elevation24-45 MuiPaper-rounded-20 MuiDialog-paper-5 MuiDialog-paperScrollPaper-6 MuiDialog-paperWidthSm-9"
        >
          <div
            class="MuiDialogContent-root-46"
          >
            <p
              class="MuiTypography-root-47 MuiTypography-body1-56"
              data-testid="message-label"
            >
              Sample modal text
            </p>
          </div>
          <div
            class="MuiDialogActions-root-83"
          >
            <button
              class="MuiButtonBase-root-111 MuiButton-root-85 MuiButton-text-87 MuiButton-flat-90 MuiDialogActions-action-84"
              data-testid="no-button"
              tabindex="0"
              type="button"
            >
              <span
                class="MuiButton-label-86"
              >
                No
              </span>
              <span
                class="MuiTouchRipple-root-114"
              />
            </button>
            <button
              class="MuiButtonBase-root-111 MuiButton-root-85 MuiButton-text-87 MuiButton-flat-90 MuiDialogActions-action-84"
              data-testid="yes-button"
              tabindex="0"
              type="button"
            >
              <span
                class="MuiButton-label-86"
              >
                Yes
              </span>
              <span
                class="MuiTouchRipple-root-114"
              />
            </button>
          </div>
        </div>
      </div>
    </div>
  </body>,
  "container": <div
    aria-hidden="true"
  />,
  "debug": [Function],
  "findAllByAltText": [Function],
  "findAllByDisplayValue": [Function],
  "findAllByLabelText": [Function],
  "findAllByPlaceholderText": [Function],
  "findAllByRole": [Function],
  "findAllByTestId": [Function],
  "findAllByText": [Function],
  "findAllByTitle": [Function],
  "findByAltText": [Function],
  "findByDisplayValue": [Function],
  "findByLabelText": [Function],
  "findByPlaceholderText": [Function],
  "findByRole": [Function],
  "findByTestId": [Function],
  "findByText": [Function],
  "findByTitle": [Function],
  "getAllByAltText": [Function],
  "getAllByDisplayValue": [Function],
  "getAllByLabelText": [Function],
  "getAllByPlaceholderText": [Function],
  "getAllByRole": [Function],
  "getAllByTestId": [Function],
  "getAllByText": [Function],
  "getAllByTitle": [Function],
  "getByAltText": [Function],
  "getByDisplayValue": [Function],
  "getByLabelText": [Function],
  "getByPlaceholderText": [Function],
  "getByRole": [Function],
  "getByTestId": [Function],
  "getByText": [Function],
  "getByTitle": [Function],
  "queryAllByAltText": [Function],
  "queryAllByDisplayValue": [Function],
  "queryAllByLabelText": [Function],
  "queryAllByPlaceholderText": [Function],
  "queryAllByRole": [Function],
  "queryAllByTestId": [Function],
  "queryAllByText": [Function],
  "queryAllByTitle": [Function],
  "queryByAltText": [Function],
  "queryByDisplayValue": [Function],
  "queryByLabelText": [Function],
  "queryByPlaceholderText": [Function],
  "queryByRole": [Function],
  "queryByTestId": [Function],
  "queryByText": [Function],
  "queryByTitle": [Function],
  "rerender": [Function],
  "unmount": [Function],
}
`;
